I'm sorry, but errors were detected in your script. Please correct the
errors listed below, and try again.


File "game/script.rpy", line 34: expected statement.
    hero player_name
                    ^

Ren'Py Version: Ren'Py 8.0.3.22090602
Thu Sep  8 23:53:20 2022
